// Jest Snapshot v1, https://goo.gl/fbAQLP

exports[`renders objectpage correctly according to snapshot 1`] = `
<div
  className="backgroundImg"
>
  <audio
    autoPlay={true}
    className="react-audio-player "
    controls={true}
    id=""
    loop={false}
    muted={false}
    preload="metadata"
    src="DiscoEterno.WAV"
    style={
      Object {
        "display": "none",
      }
    }
    title="DiscoEterno.WAV"
  >
    <p>
      Your browser does not support the 
      <code>
        audio
      </code>
       element.
    </p>
  </audio>
  <div
    className="button undefined undefined"
    onClick={[Function]}
  >
    Back to Main Menu
  </div>
  <div
    className="container"
  />
</div>
`;
